// Jest Snapshot v1, https://goo.gl/fbAQLP

exports[`Save release notes semantic-release plugin with correct notes 1`] = `
[
  {
    "notes": [
      {
        "commitLink": "https://github.com/fingerprintjs/fingerprintjs-pro-server-api-node-sdk/commit/3a4975d6f2641cffd132dce48700895c9301e1cd",
        "commitTag": "3a4975d",
        "note": "rename \`ErrorVisitsDelete400Response\` to \`ErrorVisitor400Response\`",
        "scope": null,
      },
      {
        "commitLink": "https://github.com/fingerprintjs/fingerprintjs-pro-server-api-node-sdk/commit/3a4975d6f2641cffd132dce48700895c9301e1cd",
        "commitTag": "3a4975d",
        "note": "rename \`ErrorVisitsDelete404ResponseError\` to \`ErrorVisitor404ResponseError\`",
        "scope": null,
      },
      {
        "commitLink": "https://github.com/fingerprintjs/fingerprintjs-pro-server-api-node-sdk/commit/3a4975d6f2641cffd132dce48700895c9301e1cd",
        "commitTag": "3a4975d",
        "note": "rename \`ErrorVisitsDelete404Response\` to \`ErrorVisitor404Respons",
        "scope": null,
      },
      {
        "commitLink": "https://github.com/fingerprintjs/fingerprintjs-pro-server-api-node-sdk/commit/3a4975d6f2641cffd132dce48700895c9301e1cd",
        "commitTag": "3a4975d",
        "note": "renamed \`status\` in error object to \`statusCode\`",
        "scope": null,
      },
      {
        "commitLink": null,
        "commitTag": null,
        "note": "to access response body in error use \`responseBody\` property, e.g: \`error.responseBody\`",
      },
    ],
    "type": "breaking-changes",
  },
  {
    "notes": [
      {
        "commitLink": "https://github.com/fingerprintjs/fingerprintjs-pro-server-api-node-sdk/commit/45564cd351a8c1c40de5b7442d9ed0685a32889f",
        "commitTag": "45564cd",
        "note": "add remoteControl, velocity and developerTools signals",
        "scope": "signals",
      },
      {
        "commitLink": "https://github.com/fingerprintjs/fingerprintjs-pro-server-api-node-sdk/commit/3a4975d6f2641cffd132dce48700895c9301e1cd",
        "commitTag": "3a4975d",
        "note": "improve thrown errors, introduce classes per specific error",
        "scope": null,
      },
    ],
    "type": "features",
  },
  {
    "notes": [
      {
        "commitLink": "https://github.com/fingerprintjs/fingerprintjs-pro-server-api-node-sdk/commit/cff61982ae13945e057a62d7db0004ae2bfe02c6",
        "commitTag": "cff6198",
        "note": "make tag field optional for Webhook",
        "scope": null,
      },
    ],
    "type": "bug-fixes",
  },
  {
    "notes": [
      {
        "commitLink": "https://github.com/fingerprintjs/fingerprintjs-pro-server-api-node-sdk/commit/da386dae91fc8b3a2710b24c06178b9fa4235e85",
        "commitTag": "da386da",
        "note": "remove redundant packages",
        "scope": "deps",
      },
    ],
    "type": "build-system",
  },
]
`;
